####### ########    ###################
#.....# #......######.................#
#.....|.|......|....|.......S.........#
#.....# #......######.................#
####### ####|###    #########|#########
           #.#              #.# 
           #.#              #.#
           #.#              #.#
           #.#              #.#
           #.#              #.#
           #.#              #.#
           #.#              #.#
############|################|########################################
#.............h......................................................#
#....................................................................#
#....................................................................#
#........@.................d.........................................#
#....................................................................#
#...................................R................................#
#...................s................................................#
#....................................................................#
#....................................................................#
#....................................................................#
#....................................................................#
######################################################################